[vivah.vishvumiyafoundation.org/index.html]
[backblue.gif]
[fade.gif]
[index.html]
[translate.google.com/translate_a/elementa0d8.js]
[vivah.vishvumiyafoundation.org/template/front/vendor/pace/js/pace.min.js]
[vivah.vishvumiyafoundation.org/template/front/vendor/pace/css/pace-minimal.css]
[vivah.vishvumiyafoundation.org/template/front/vendor/jquery/jquery.min.js]
[vivah.vishvumiyafoundation.org/template/front/js/owl.carousel.js]
[www.google-analytics.com/analytics.js]
[vivah.vishvumiyafoundation.org/uploads/favicon/favicon_1565090013.png]
[vivah.vishvumiyafoundation.org/uploads/header_logo/header_logo_1565089937.png]
[vivah.vishvumiyafoundation.org/home.html]
[vivah.vishvumiyafoundation.org/home/login.html]
[vivah.vishvumiyafoundation.org/home/index.html]
[vivah.vishvumiyafoundation.org/home/membership.html]
[vivah.vishvumiyafoundation.org/home/stories.html]
[vivah.vishvumiyafoundation.org/home/aboutus.html]
[vivah.vishvumiyafoundation.org/home/contact_us.html]
[vivah.vishvumiyafoundation.org/uploads/home_page/slider_image/slider_image_1.jpg]
[vivah.vishvumiyafoundation.org/uploads/favicon/parallax-2.jpg]
[vivah.vishvumiyafoundation.org/uploads/home_page/VUF_VISION_MISSION.png]
[vivah.vishvumiyafoundation.org/home/registration.html]
[vivah.vishvumiyafoundation.org/uploads/favicon/couple-bg.jpg]
[vivah.vishvumiyafoundation.org/uploads/profile_image/profile_6617.png]
[vivah.vishvumiyafoundation.org/uploads/profile_image/profile_1953.png]
[vivah.vishvumiyafoundation.org/uploads/profile_image/profile_2763.png]
[vivah.vishvumiyafoundation.org/uploads/profile_image/profile_6371.png]
[vivah.vishvumiyafoundation.org/uploads/profile_image/profile_4635.png]
[vivah.vishvumiyafoundation.org/uploads/profile_image/profile_2405.png]
[vivah.vishvumiyafoundation.org/uploads/profile_image/profile_3004.png]
[vivah.vishvumiyafoundation.org/uploads/profile_image/profile_6358.png]
[vivah.vishvumiyafoundation.org/uploads/profile_image/profile_1605.png]
[vivah.vishvumiyafoundation.org/uploads/profile_image/profile_6062.png]
[vivah.vishvumiyafoundation.org/uploads/profile_image/profile_3226.png]
[vivah.vishvumiyafoundation.org/uploads/profile_image/profile_7951.png]
[vivah.vishvumiyafoundation.org/uploads/profile_image/profile_4451.png]
[vivah.vishvumiyafoundation.org/uploads/profile_image/profile_2501.png]
[vivah.vishvumiyafoundation.org/uploads/profile_image/profile_6746.png]
[vivah.vishvumiyafoundation.org/uploads/profile_image/profile_1725.png]
[vivah.vishvumiyafoundation.org/uploads/profile_image/profile_7596.png]
[vivah.vishvumiyafoundation.org/uploads/profile_image/profile_7189.png]
[vivah.vishvumiyafoundation.org/uploads/profile_image/profile_1805.png]
[vivah.vishvumiyafoundation.org/uploads/profile_image/profile_6225.png]
[vivah.vishvumiyafoundation.org/uploads/profile_image/profile_7302.png]
[vivah.vishvumiyafoundation.org/uploads/profile_image/profile_8429.png]
[vivah.vishvumiyafoundation.org/uploads/favicon/browse_section.jpg]
[vivah.vishvumiyafoundation.org/uploads/favicon/Verified.png]
[vivah.vishvumiyafoundation.org/uploads/favicon/nribride.png]
[vivah.vishvumiyafoundation.org/uploads/favicon/E-Match.png]
[vivah.vishvumiyafoundation.org/uploads/favicon/assured.png]
[vivah.vishvumiyafoundation.org/home/listing.html]
[vivah.vishvumiyafoundation.org/uploads/happy_story_image/happy_story_129_1.jpg]
[vivah.vishvumiyafoundation.org/uploads/happy_story_image/happy_story_120_1.jpg]
[vivah.vishvumiyafoundation.org/uploads/happy_story_image/happy_story_109_1.jpg]
[vivah.vishvumiyafoundation.org/uploads/happy_story_image/happy_story_133_1.jpg]
[vivah.vishvumiyafoundation.org/uploads/happy_story_image/happy_story_126_1.jpg]
[vivah.vishvumiyafoundation.org/uploads/happy_story_image/happy_story_140_1.jpg]
[vivah.vishvumiyafoundation.org/uploads/happy_story_image/happy_story_155_1.jpg]
[vivah.vishvumiyafoundation.org/uploads/happy_story_image/happy_story_132_1.jpg]
[vivah.vishvumiyafoundation.org/uploads/happy_story_image/happy_story_137_1.jpg]
[vivah.vishvumiyafoundation.org/uploads/happy_story_image/happy_story_125_1.jpg]
[vivah.vishvumiyafoundation.org/uploads/footer_logo/VUF_Mrg.png]
[vivah.vishvumiyafoundation.org/home/faq.html]
[vivah.vishvumiyafoundation.org/home/terms_and_conditions.html]
[vivah.vishvumiyafoundation.org/home/privacy_policy.html]
[vivah.vishvumiyafoundation.org/template/front/js/jquery.inputmask.bundle.min.js]
[vivah.vishvumiyafoundation.org/uploads/footer_logo/footer_logo_1565090281.png]
[vivah.vishvumiyafoundation.org/template/front/vendor/popper/popper.min.js]
[vivah.vishvumiyafoundation.org/template/front/vendor/bootstrap/js/bootstrap.min.js]
[vivah.vishvumiyafoundation.org/template/front/js/vendor/jquery.easing.js]
[vivah.vishvumiyafoundation.org/template/front/js/ie10-viewport-bug-workaround.js]
[vivah.vishvumiyafoundation.org/template/front/js/slidebar/slidebar.js]
[vivah.vishvumiyafoundation.org/template/front/js/classie.js]
[vivah.vishvumiyafoundation.org/template/front/vendor/bootstrap-dropdown-hover/js/bootstrap-dropdown-hover.js]
[vivah.vishvumiyafoundation.org/template/front/vendor/bootstrap-notify/bootstrap-growl.min.js]
[vivah.vishvumiyafoundation.org/template/front/vendor/scrollpos-styler/scrollpos-styler.js]
[vivah.vishvumiyafoundation.org/template/front/vendor/flatpickr/flatpickr.min.js]
[vivah.vishvumiyafoundation.org/template/front/vendor/easy-pie-chart/jquery.easypiechart.min.js]
[vivah.vishvumiyafoundation.org/template/front/vendor/footer-reveal/footer-reveal.min.js]
[vivah.vishvumiyafoundation.org/template/front/vendor/sticky-kit/sticky-kit.min.js]
[vivah.vishvumiyafoundation.org/template/front/vendor/swiper/js/swiper.min.js]
[vivah.vishvumiyafoundation.org/template/front/vendor/paraxify/paraxify.min.js]
[vivah.vishvumiyafoundation.org/template/front/vendor/viewport-checker/viewportchecker.min.js]
[vivah.vishvumiyafoundation.org/template/front/vendor/milestone-counter/jquery.countTo.js]
[vivah.vishvumiyafoundation.org/template/front/vendor/countdown/js/jquery.countdown.min.js]
[vivah.vishvumiyafoundation.org/template/front/vendor/typed/typed.min.js]
[vivah.vishvumiyafoundation.org/template/front/vendor/instafeed/instafeed.js]
[vivah.vishvumiyafoundation.org/template/front/vendor/gradientify/jquery.gradientify.min.js]
[vivah.vishvumiyafoundation.org/template/front/vendor/nouislider/js/nouislider.min.js]
[vivah.vishvumiyafoundation.org/template/front/vendor/isotope/isotope.min.js]
[vivah.vishvumiyafoundation.org/template/front/vendor/imagesloaded/imagesloaded.pkgd.min.js]
[vivah.vishvumiyafoundation.org/template/front/vendor/lightgallery/js/lightgallery.min.js]
[vivah.vishvumiyafoundation.org/template/front/vendor/lightgallery/js/lg-thumbnail.min.js]
[vivah.vishvumiyafoundation.org/template/front/vendor/lightgallery/js/lg-video.js]
[vivah.vishvumiyafoundation.org/template/front/js/wpx.app.js]
[vivah.vishvumiyafoundation.org/home/top_bar_right.html]
[vivah.vishvumiyafoundation.org/template/front/js/custom.js]
[vivah.vishvumiyafoundation.org/index.html]
[vivah.vishvumiyafoundation.org/template/front/vendor/pace/css/pace-minimal.css]
[vivah.vishvumiyafoundation.org/template/front/vendor/bootstrap/css/bootstrap.min.css]
[vivah.vishvumiyafoundation.org/template/front/vendor/swiper/css/swiper.min.css]
[vivah.vishvumiyafoundation.org/template/front/vendor/hamburgers/hamburgers.min.css]
[vivah.vishvumiyafoundation.org/template/front/vendor/animate/animate.min.css]
[vivah.vishvumiyafoundation.org/template/front/vendor/lightgallery/fonts/lgd641.eot]
[vivah.vishvumiyafoundation.org/template/front/vendor/lightgallery/fonts/lgd41d.eot]
[vivah.vishvumiyafoundation.org/template/front/vendor/lightgallery/fonts/lgd641.woff]
[vivah.vishvumiyafoundation.org/template/front/vendor/lightgallery/fonts/lgd641.ttf]
[vivah.vishvumiyafoundation.org/template/front/vendor/lightgallery/img/vimeo-play.png]
[vivah.vishvumiyafoundation.org/template/front/vendor/lightgallery/img/video-play.png]
[vivah.vishvumiyafoundation.org/template/front/vendor/lightgallery/img/youtube-play.png]
[vivah.vishvumiyafoundation.org/template/front/vendor/lightgallery/img/loading.gif]
[vivah.vishvumiyafoundation.org/template/front/vendor/lightgallery/css/lightgallery.min.css]
[vivah.vishvumiyafoundation.org/template/front/fonts/font-awesome/fonts/fontawesome-webfont3e6e.eot]
[vivah.vishvumiyafoundation.org/template/front/fonts/font-awesome/fonts/fontawesome-webfontd41d.eot]
[vivah.vishvumiyafoundation.org/template/front/fonts/font-awesome/fonts/fontawesome-webfont3e6e.woff2]
[vivah.vishvumiyafoundation.org/template/front/fonts/font-awesome/fonts/fontawesome-webfont3e6e.woff]
[vivah.vishvumiyafoundation.org/template/front/fonts/font-awesome/fonts/fontawesome-webfont3e6e.ttf]
[vivah.vishvumiyafoundation.org/template/front/fonts/font-awesome/css/font-awesome.min.css]
[vivah.vishvumiyafoundation.org/template/front/fonts/ionicons/fonts/ionicons28b5.eot]
[vivah.vishvumiyafoundation.org/template/front/fonts/ionicons/fonts/ionicons28b5.ttf]
[vivah.vishvumiyafoundation.org/template/front/fonts/ionicons/fonts/ionicons28b5.woff]
[vivah.vishvumiyafoundation.org/template/front/fonts/ionicons/css/ionicons.min.css]
[vivah.vishvumiyafoundation.org/template/front/fonts/line-icons/fonts/Simple-Line-Icons.eot]
[vivah.vishvumiyafoundation.org/template/front/fonts/line-icons/fonts/Simple-Line-Iconsd41d.eot]
[vivah.vishvumiyafoundation.org/template/front/fonts/line-icons/fonts/Simple-Line-Icons.woff]
[vivah.vishvumiyafoundation.org/template/front/fonts/line-icons/fonts/Simple-Line-Icons.ttf]
[vivah.vishvumiyafoundation.org/template/front/fonts/line-icons/line-icons.css]
[vivah.vishvumiyafoundation.org/template/front/fonts/line-icons-pro/christmas/webfont/cristmas.eot]
[vivah.vishvumiyafoundation.org/template/front/fonts/line-icons-pro/christmas/webfont/cristmasd41d.eot]
[vivah.vishvumiyafoundation.org/template/front/fonts/line-icons-pro/christmas/webfont/cristmas.woff]
[vivah.vishvumiyafoundation.org/template/front/fonts/line-icons-pro/christmas/webfont/cristmas.ttf]
[vivah.vishvumiyafoundation.org/template/front/fonts/line-icons-pro/clothes/webfont/clothes.eot]
[vivah.vishvumiyafoundation.org/template/front/fonts/line-icons-pro/clothes/webfont/clothesd41d.eot]
[vivah.vishvumiyafoundation.org/template/front/fonts/line-icons-pro/clothes/webfont/clothes.woff]
[vivah.vishvumiyafoundation.org/template/front/fonts/line-icons-pro/clothes/webfont/clothes.ttf]
[vivah.vishvumiyafoundation.org/template/front/fonts/line-icons-pro/communication/webfont/communication-48-x-48.eot]
[vivah.vishvumiyafoundation.org/template/front/fonts/line-icons-pro/communication/webfont/communication-48-x-48d41d.eot]
[vivah.vishvumiyafoundation.org/template/front/fonts/line-icons-pro/communication/webfont/communication-48-x-48.woff]
[vivah.vishvumiyafoundation.org/template/front/fonts/line-icons-pro/communication/webfont/communication-48-x-48.ttf]
[vivah.vishvumiyafoundation.org/template/front/fonts/line-icons-pro/education/webfont/education-48.eot]
[vivah.vishvumiyafoundation.org/template/front/fonts/line-icons-pro/education/webfont/education-48d41d.eot]
[vivah.vishvumiyafoundation.org/template/front/fonts/line-icons-pro/education/webfont/education-48.woff]
[vivah.vishvumiyafoundation.org/template/front/fonts/line-icons-pro/education/webfont/education-48.ttf]
[vivah.vishvumiyafoundation.org/template/front/fonts/line-icons-pro/electronics/webfont/electronics.eot]
[vivah.vishvumiyafoundation.org/template/front/fonts/line-icons-pro/electronics/webfont/electronicsd41d.eot]
[vivah.vishvumiyafoundation.org/template/front/fonts/line-icons-pro/electronics/webfont/electronics.woff]
[vivah.vishvumiyafoundation.org/template/front/fonts/line-icons-pro/electronics/webfont/electronics.ttf]
[vivah.vishvumiyafoundation.org/template/front/fonts/line-icons-pro/finance/webfont/finance.eot]
[vivah.vishvumiyafoundation.org/template/front/fonts/line-icons-pro/finance/webfont/financed41d.eot]
[vivah.vishvumiyafoundation.org/template/front/fonts/line-icons-pro/finance/webfont/finance.woff]
[vivah.vishvumiyafoundation.org/template/front/fonts/line-icons-pro/finance/webfont/finance.ttf]
[vivah.vishvumiyafoundation.org/template/front/fonts/line-icons-pro/food/webfont/food-48.eot]
[vivah.vishvumiyafoundation.org/template/front/fonts/line-icons-pro/food/webfont/food-48d41d.eot]
[vivah.vishvumiyafoundation.org/template/front/fonts/line-icons-pro/food/webfont/food-48.woff]
[vivah.vishvumiyafoundation.org/template/front/fonts/line-icons-pro/food/webfont/food-48.ttf]
[vivah.vishvumiyafoundation.org/template/front/fonts/line-icons-pro/furniture/webfont/furniture.eot]
[vivah.vishvumiyafoundation.org/template/front/fonts/line-icons-pro/furniture/webfont/furnitured41d.eot]
[vivah.vishvumiyafoundation.org/template/front/fonts/line-icons-pro/furniture/webfont/furniture.woff]
[vivah.vishvumiyafoundation.org/template/front/fonts/line-icons-pro/furniture/webfont/furniture.ttf]
[vivah.vishvumiyafoundation.org/template/front/fonts/line-icons-pro/hotel-restaurant/webfont/hotel-restaurant.eot]
[vivah.vishvumiyafoundation.org/template/front/fonts/line-icons-pro/hotel-restaurant/webfont/hotel-restaurantd41d.eot]
[vivah.vishvumiyafoundation.org/template/front/fonts/line-icons-pro/hotel-restaurant/webfont/hotel-restaurant.woff]
[vivah.vishvumiyafoundation.org/template/front/fonts/line-icons-pro/hotel-restaurant/webfont/hotel-restaurant.ttf]
[vivah.vishvumiyafoundation.org/template/front/fonts/line-icons-pro/media/webfont/media.eot]
[vivah.vishvumiyafoundation.org/template/front/fonts/line-icons-pro/media/webfont/mediad41d.eot]
[vivah.vishvumiyafoundation.org/template/front/fonts/line-icons-pro/media/webfont/media.woff]
[vivah.vishvumiyafoundation.org/template/front/fonts/line-icons-pro/media/webfont/media.ttf]
[vivah.vishvumiyafoundation.org/template/front/fonts/line-icons-pro/medical/webfont/medical-and-health.eot]
[vivah.vishvumiyafoundation.org/template/front/fonts/line-icons-pro/medical/webfont/medical-and-healthd41d.eot]
[vivah.vishvumiyafoundation.org/template/front/fonts/line-icons-pro/medical/webfont/medical-and-health.woff]
[vivah.vishvumiyafoundation.org/template/front/fonts/line-icons-pro/medical/webfont/medical-and-health.ttf]
[vivah.vishvumiyafoundation.org/template/front/fonts/line-icons-pro/music/webfont/music.eot]
[vivah.vishvumiyafoundation.org/template/front/fonts/line-icons-pro/music/webfont/musicd41d.eot]
[vivah.vishvumiyafoundation.org/template/front/fonts/line-icons-pro/music/webfont/music.woff]
[vivah.vishvumiyafoundation.org/template/front/fonts/line-icons-pro/music/webfont/music.ttf]
[vivah.vishvumiyafoundation.org/template/front/fonts/line-icons-pro/real-estate/webfont/real-estate.eot]
[vivah.vishvumiyafoundation.org/template/front/fonts/line-icons-pro/real-estate/webfont/real-estated41d.eot]
[vivah.vishvumiyafoundation.org/template/front/fonts/line-icons-pro/real-estate/webfont/real-estate.woff]
[vivah.vishvumiyafoundation.org/template/front/fonts/line-icons-pro/real-estate/webfont/real-estate.ttf]
[vivah.vishvumiyafoundation.org/template/front/fonts/line-icons-pro/science/webfont/science.eot]
[vivah.vishvumiyafoundation.org/template/front/fonts/line-icons-pro/science/webfont/scienced41d.eot]
[vivah.vishvumiyafoundation.org/template/front/fonts/line-icons-pro/science/webfont/science.woff]
[vivah.vishvumiyafoundation.org/template/front/fonts/line-icons-pro/science/webfont/science.ttf]
[vivah.vishvumiyafoundation.org/template/front/fonts/line-icons-pro/sports/webfont/sports-48-x-48.eot]
[vivah.vishvumiyafoundation.org/template/front/fonts/line-icons-pro/sports/webfont/sports-48-x-48d41d.eot]
[vivah.vishvumiyafoundation.org/template/front/fonts/line-icons-pro/sports/webfont/sports-48-x-48.woff]
[vivah.vishvumiyafoundation.org/template/front/fonts/line-icons-pro/sports/webfont/sports-48-x-48.ttf]
[vivah.vishvumiyafoundation.org/template/front/fonts/line-icons-pro/travel/webfont/travel.eot]
[vivah.vishvumiyafoundation.org/template/front/fonts/line-icons-pro/travel/webfont/traveld41d.eot]
[vivah.vishvumiyafoundation.org/template/front/fonts/line-icons-pro/travel/webfont/travel.woff]
[vivah.vishvumiyafoundation.org/template/front/fonts/line-icons-pro/travel/webfont/travel.ttf]
[vivah.vishvumiyafoundation.org/template/front/fonts/line-icons-pro/weather/webfont/weather.eot]
[vivah.vishvumiyafoundation.org/template/front/fonts/line-icons-pro/weather/webfont/weatherd41d.eot]
[vivah.vishvumiyafoundation.org/template/front/fonts/line-icons-pro/weather/webfont/weather.woff]
[vivah.vishvumiyafoundation.org/template/front/fonts/line-icons-pro/weather/webfont/weather.ttf]
[vivah.vishvumiyafoundation.org/template/front/fonts/line-icons-pro/transport/webfont/transport.eot]
[vivah.vishvumiyafoundation.org/template/front/fonts/line-icons-pro/transport/webfont/transportd41d.eot]
[vivah.vishvumiyafoundation.org/template/front/fonts/line-icons-pro/transport/webfont/transport.woff]
[vivah.vishvumiyafoundation.org/template/front/fonts/line-icons-pro/transport/webfont/transport.ttf]
[vivah.vishvumiyafoundation.org/template/front/fonts/line-icons-pro/line-icons-pro.css]
[vivah.vishvumiyafoundation.org/template/front/fonts/linea/arrows/fonts/linea-arrows-10.eot]
[vivah.vishvumiyafoundation.org/template/front/fonts/linea/arrows/fonts/linea-arrows-10d41d.eot]
[vivah.vishvumiyafoundation.org/template/front/fonts/linea/arrows/fonts/linea-arrows-10.woff]
[vivah.vishvumiyafoundation.org/template/front/fonts/linea/arrows/fonts/linea-arrows-10.ttf]
[vivah.vishvumiyafoundation.org/template/front/fonts/linea/arrows/linea-icons.css]
[vivah.vishvumiyafoundation.org/template/front/fonts/linea/basic/fonts/linea-basic-10.eot]
[vivah.vishvumiyafoundation.org/template/front/fonts/linea/basic/fonts/linea-basic-10d41d.eot]
[vivah.vishvumiyafoundation.org/template/front/fonts/linea/basic/fonts/linea-basic-10.woff]
[vivah.vishvumiyafoundation.org/template/front/fonts/linea/basic/fonts/linea-basic-10.ttf]
[vivah.vishvumiyafoundation.org/template/front/fonts/linea/basic/linea-icons.css]
[vivah.vishvumiyafoundation.org/template/front/fonts/linea/ecommerce/fonts/linea-ecommerce-10.eot]
[vivah.vishvumiyafoundation.org/template/front/fonts/linea/ecommerce/fonts/linea-ecommerce-10d41d.eot]
[vivah.vishvumiyafoundation.org/template/front/fonts/linea/ecommerce/fonts/linea-ecommerce-10.woff]
[vivah.vishvumiyafoundation.org/template/front/fonts/linea/ecommerce/fonts/linea-ecommerce-10.ttf]
[vivah.vishvumiyafoundation.org/template/front/fonts/linea/ecommerce/linea-icons.css]
[vivah.vishvumiyafoundation.org/template/front/fonts/linea/software/fonts/linea-software-10.eot]
[vivah.vishvumiyafoundation.org/template/front/fonts/linea/software/fonts/linea-software-10d41d.eot]
[vivah.vishvumiyafoundation.org/template/front/fonts/linea/software/fonts/linea-software-10.woff]
[vivah.vishvumiyafoundation.org/template/front/fonts/linea/software/fonts/linea-software-10.ttf]
[vivah.vishvumiyafoundation.org/template/front/fonts/linea/software/linea-icons.css]
[vivah.vishvumiyafoundation.org/template/front/css/owl.carousel.css]
[vivah.vishvumiyafoundation.org/template/front/css/owl.theme.default.css]
[vivah.vishvumiyafoundation.org/template/front/fonts/blzee/blzee.eot]
[vivah.vishvumiyafoundation.org/template/front/fonts/blzee/blzeed41d.eot]
[vivah.vishvumiyafoundation.org/template/front/fonts/blzee/blzee.woff]
[vivah.vishvumiyafoundation.org/template/front/fonts/blzee/blzee.ttf]
[vivah.vishvumiyafoundation.org/template/front/fonts/other/sue-ellen-francisco.ttf]
[vivah.vishvumiyafoundation.org/template/front/css/global-style-pink.css]
[vivah.vishvumiyafoundation.org/uploads/inner_banner/banner-matrimonio.jpg]
[vivah.vishvumiyafoundation.org/uploads/inner_banner/banner_listing_494_parent.jpg]
[vivah.vishvumiyafoundation.org/uploads/inner_banner/Contact-Us.jpg]
[vivah.vishvumiyafoundation.org/template/front/css/custom-style.css]
[vivah.vishvumiyafoundation.org/uploads/dummy.png]
[vivah.vishvumiyafoundation.org/template/front/css/custom.css]
[vivah.vishvumiyafoundation.org/template/front/css/footer.css]
[vivah.vishvumiyafoundation.org/uploads/profile_image/profile_4041.png]
[vivah.vishvumiyafoundation.org/uploads/profile_image/profile_1716.png]
[vivah.vishvumiyafoundation.org/uploads/profile_image/profile_6343.png]
[vivah.vishvumiyafoundation.org/uploads/profile_image/profile_7969.png]
[vivah.vishvumiyafoundation.org/uploads/profile_image/profile_1839.png]
[vivah.vishvumiyafoundation.org/uploads/profile_image/profile_8322.png]
[vivah.vishvumiyafoundation.org/uploads/profile_image/profile_7115.png]
[vivah.vishvumiyafoundation.org/uploads/profile_image/profile_1814.png]
[vivah.vishvumiyafoundation.org/uploads/profile_image/profile_8145.png]
[vivah.vishvumiyafoundation.org/uploads/profile_image/profile_2921.png]
[vivah.vishvumiyafoundation.org/uploads/profile_image/profile_4391.png]
[vivah.vishvumiyafoundation.org/uploads/profile_image/profile_3797.png]
[vivah.vishvumiyafoundation.org/uploads/profile_image/profile_1030.png]
[vivah.vishvumiyafoundation.org/uploads/profile_image/profile_3564.png]
[vivah.vishvumiyafoundation.org/uploads/profile_image/profile_6929.png]
[vivah.vishvumiyafoundation.org/uploads/profile_image/profile_6659.png]
[vivah.vishvumiyafoundation.org/uploads/profile_image/profile_6220.png]
[vivah.vishvumiyafoundation.org/uploads/profile_image/profile_2509.jpg]
[vivah.vishvumiyafoundation.org/uploads/profile_image/profile_2736.png]
[vivah.vishvumiyafoundation.org/uploads/profile_image/profile_1777.png]
[vivah.vishvumiyafoundation.org/uploads/profile_image/profile_6549.png]
[vivah.vishvumiyafoundation.org/uploads/profile_image/profile_2392.png]
[vivah.vishvumiyafoundation.org/uploads/profile_image/profile_6246.png]
[vivah.vishvumiyafoundation.org/uploads/profile_image/profile_7564.png]
[vivah.vishvumiyafoundation.org/uploads/profile_image/profile_3906.png]
[vivah.vishvumiyafoundation.org/uploads/happy_story_image/happy_story_116_1.jpg]
[vivah.vishvumiyafoundation.org/uploads/happy_story_image/happy_story_131_1.jpg]
[vivah.vishvumiyafoundation.org/uploads/happy_story_image/happy_story_142_1.jpg]
[vivah.vishvumiyafoundation.org/uploads/happy_story_image/happy_story_138_1.jpg]
[vivah.vishvumiyafoundation.org/uploads/happy_story_image/happy_story_154_1.jpg]
[vivah.vishvumiyafoundation.org/uploads/happy_story_image/happy_story_97_1.jpg]
[vivah.vishvumiyafoundation.org/uploads/happy_story_image/happy_story_98_1.jpg]
[vivah.vishvumiyafoundation.org/uploads/happy_story_image/happy_story_161_1.jpg]
[vivah.vishvumiyafoundation.org/home/index.html]
[vivah.vishvumiyafoundation.org/home.html]
[vivah.vishvumiyafoundation.org/uploads/login_image/login_image_1562317514.jpg]
[vivah.vishvumiyafoundation.org/home/forget_pass.html]
[vivah.vishvumiyafoundation.org/home/login.html]
[vivah.vishvumiyafoundation.org/uploads/premium_plans_image/premium_plans_image_1562317629.jpg]
[vivah.vishvumiyafoundation.org/home/membership.html]
[vivah.vishvumiyafoundation.org/home/stories.html]
[vivah.vishvumiyafoundation.org/home/aboutus.html]
[vivah.vishvumiyafoundation.org/home/contact_us.html]
[cdnjs.cloudflare.com/ajax/libs/bootstrap-datepicker/1.9.0/css/bootstrap-datepicker.css]
[vivah.vishvumiyafoundation.org/uploads/registration_image/registration_image_1562317502.jpg]
[cdnjs.cloudflare.com/ajax/libs/moment.js/2.24.0/moment.js]
[cdnjs.cloudflare.com/ajax/libs/bootstrap-datepicker/1.9.0/js/bootstrap-datepicker.min.js]
[vivah.vishvumiyafoundation.org/template/front/js/jquery.validate.min.js]
[vivah.vishvumiyafoundation.org/template/front/js/additional-methods.min.js]
[vivah.vishvumiyafoundation.org/home/login_msg.html]
[vivah.vishvumiyafoundation.org/home/registration.html]
[vivah.vishvumiyafoundation.org/home/listing.html]
[vivah.vishvumiyafoundation.org/index-2.html]
[vivah.vishvumiyafoundation.org/home/faq.html]
[vivah.vishvumiyafoundation.org/home/terms_and_conditions.html]
[vivah.vishvumiyafoundation.org/home/privacy_policy.html]
[vivah.vishvumiyafoundation.org/home/top_bar_right.html]
[vivah.vishvumiyafoundation.org/template/front/vendor/lightgallery/fonts/lgd641.svg]
[vivah.vishvumiyafoundation.org/template/front/fonts/font-awesome/fonts/fontawesome-webfont3e6e.svg]
[vivah.vishvumiyafoundation.org/template/front/fonts/ionicons/fonts/ionicons28b5.svg]
[vivah.vishvumiyafoundation.org/template/front/fonts/line-icons/fonts/Simple-Line-Icons.svg]
[vivah.vishvumiyafoundation.org/template/front/fonts/line-icons-pro/christmas/webfont/cristmas.svg]
[vivah.vishvumiyafoundation.org/template/front/fonts/line-icons-pro/clothes/webfont/clothes.svg]
[vivah.vishvumiyafoundation.org/template/front/fonts/line-icons-pro/communication/webfont/communication-48-x-48.svg]
[vivah.vishvumiyafoundation.org/template/front/fonts/line-icons-pro/education/webfont/education-48.svg]
[vivah.vishvumiyafoundation.org/template/front/fonts/line-icons-pro/electronics/webfont/electronics.svg]
[vivah.vishvumiyafoundation.org/template/front/fonts/line-icons-pro/finance/webfont/finance.svg]
[vivah.vishvumiyafoundation.org/template/front/fonts/line-icons-pro/food/webfont/food-48.svg]
[vivah.vishvumiyafoundation.org/template/front/fonts/line-icons-pro/furniture/webfont/furniture.svg]
[vivah.vishvumiyafoundation.org/template/front/fonts/line-icons-pro/hotel-restaurant/webfont/hotel-restaurant.svg]
[vivah.vishvumiyafoundation.org/template/front/fonts/line-icons-pro/media/webfont/media.svg]
[vivah.vishvumiyafoundation.org/template/front/fonts/line-icons-pro/medical/webfont/medical-and-health.svg]
[vivah.vishvumiyafoundation.org/template/front/fonts/line-icons-pro/music/webfont/music.svg]
[vivah.vishvumiyafoundation.org/template/front/fonts/line-icons-pro/real-estate/webfont/real-estate.svg]
[vivah.vishvumiyafoundation.org/template/front/fonts/line-icons-pro/science/webfont/science.svg]
[vivah.vishvumiyafoundation.org/template/front/fonts/line-icons-pro/sports/webfont/sports-48-x-48.svg]
[vivah.vishvumiyafoundation.org/template/front/fonts/line-icons-pro/travel/webfont/travel.svg]
[vivah.vishvumiyafoundation.org/template/front/fonts/line-icons-pro/weather/webfont/weather.svg]
[vivah.vishvumiyafoundation.org/template/front/fonts/line-icons-pro/transport/webfont/transport.svg]
[vivah.vishvumiyafoundation.org/template/front/fonts/linea/arrows/fonts/linea-arrows-10.svg]
[vivah.vishvumiyafoundation.org/template/front/fonts/linea/basic/fonts/linea-basic-10.svg]
[vivah.vishvumiyafoundation.org/template/front/fonts/linea/ecommerce/fonts/linea-ecommerce-10.svg]
[vivah.vishvumiyafoundation.org/template/front/fonts/linea/software/fonts/linea-software-10.svg]
[vivah.vishvumiyafoundation.org/template/front/css/owl.video.play.html]
[vivah.vishvumiyafoundation.org/template/front/fonts/other/pacifico.html]
[vivah.vishvumiyafoundation.org/template/front/fonts/other/yellowtail-regular.html]
[vivah.vishvumiyafoundation.org/template/front/images/patterns/pattern-1.html]
[vivah.vishvumiyafoundation.org/template/front/css/@{cssRelativePath-1}/images/patterns/cream-pixels.html]
[vivah.vishvumiyafoundation.org/template/front/images/shadows/shadow-1.html]
[vivah.vishvumiyafoundation.org/template/front/images/patterns/pattern-2.html]
[vivah.vishvumiyafoundation.org/template/front/images/patterns/pattern-3.html]
[vivah.vishvumiyafoundation.org/template/front/images/icons/google-maps/icon-controller.html]
[vivah.vishvumiyafoundation.org/home/index-2.html]
[vivah.vishvumiyafoundation.org/home/forget_pass.html]
[cdnjs.cloudflare.com/ajax/libs/bootstrap-datepicker/1.9.0/css/bootstrap-datepicker.css]
[vivah.vishvumiyafoundation.org/uploads/registration_message_image/registration_message_image1562319525.jpg]
[vivah.vishvumiyafoundation.org/home/login_msg.html]
